// Vitest Snapshot v1, https://vitest.dev/guide/snapshot.html

exports[`extractRoutes > matches snapshot: auto_route_app.gr.dart 1`] = `
{
  "dynamic": [],
  "routerGuards": [],
  "routes": [
    {
      "children": [],
      "file": "fixtures/routes/auto_route_app.gr.dart",
      "line": 7,
      "name": "HomeRoute",
      "router": "auto_route",
      "screenWidget": "HomeScreen",
    },
    {
      "children": [],
      "file": "fixtures/routes/auto_route_app.gr.dart",
      "line": 21,
      "name": "ProfileRoute",
      "router": "auto_route",
      "screenWidget": "ProfileScreen",
    },
  ],
}
`;

exports[`extractRoutes > matches snapshot: auto_route_config.dart 1`] = `
{
  "dynamic": [],
  "routerGuards": [],
  "routes": [
    {
      "children": [],
      "file": "fixtures/routes/auto_route_config.dart",
      "line": 24,
      "name": "HomeRoute",
      "router": "auto_route",
      "screenWidget": "HomeRoute",
    },
    {
      "children": [],
      "file": "fixtures/routes/auto_route_config.dart",
      "fullPath": "/profile",
      "guards": [
        "AuthGuard",
      ],
      "line": 25,
      "name": "ProfileRoute",
      "path": "/profile",
      "router": "auto_route",
      "screenWidget": "ProfileRoute",
    },
    {
      "children": [
        {
          "children": [],
          "file": "fixtures/routes/auto_route_config.dart",
          "fullPath": "/dashboard/stats",
          "line": 34,
          "name": "StatsRoute",
          "path": "stats",
          "router": "auto_route",
          "screenWidget": "StatsRoute",
        },
      ],
      "file": "fixtures/routes/auto_route_config.dart",
      "fullPath": "/dashboard",
      "line": 30,
      "name": "DashboardRoute",
      "path": "/dashboard",
      "router": "auto_route",
      "screenWidget": "DashboardRoute",
    },
    {
      "children": [],
      "file": "fixtures/routes/auto_route_config.dart",
      "line": 37,
      "path": "*",
      "redirectTo": "/login",
      "router": "auto_route",
    },
  ],
}
`;

exports[`extractRoutes > matches snapshot: const_paths_guarded.dart 1`] = `
{
  "dynamic": [],
  "routerGuards": [],
  "routes": [
    {
      "children": [],
      "file": "fixtures/routes/const_paths_guarded.dart",
      "line": 26,
      "pathExpr": "RoutePaths.home",
      "router": "go_router",
      "screenWidget": "HomeScreen",
    },
    {
      "children": [
        {
          "children": [],
          "file": "fixtures/routes/const_paths_guarded.dart",
          "line": 40,
          "pathExpr": "RoutePaths.edit",
          "router": "go_router",
          "screenWidget": "WorkLogEditScreen",
        },
      ],
      "file": "fixtures/routes/const_paths_guarded.dart",
      "line": 30,
      "pathExpr": "RoutePaths.detail",
      "router": "go_router",
      "screenWidget": "WorkLogDetailScreen",
    },
    {
      "children": [],
      "file": "fixtures/routes/const_paths_guarded.dart",
      "line": 52,
      "pathExpr": "RoutePaths.unmapped",
      "router": "go_router",
      "screenWidget": "MysteryScreen",
    },
    {
      "children": [],
      "file": "fixtures/routes/const_paths_guarded.dart",
      "line": 56,
      "pathExpr": "AppRoutes.splash.path",
      "router": "go_router",
      "screenWidget": "SplashScreen",
    },
  ],
}
`;

exports[`extractRoutes > matches snapshot: dynamic_routes.dart 1`] = `
{
  "dynamic": [
    {
      "file": "fixtures/routes/dynamic_routes.dart",
      "line": 6,
      "reason": "GoRouter routes provided by reference (\`sharedRoutes\`), not a literal list — table unknown",
      "router": "go_router",
    },
    {
      "file": "fixtures/routes/dynamic_routes.dart",
      "line": 10,
      "reason": "route(s) generated by a collection-for/if — contents unknown",
      "router": "go_router",
    },
    {
      "file": "fixtures/routes/dynamic_routes.dart",
      "line": 12,
      "reason": "routes spread from \`...legacyRoutes\` — contents unknown",
      "router": "go_router",
    },
  ],
  "routerGuards": [],
  "routes": [
    {
      "children": [],
      "file": "fixtures/routes/dynamic_routes.dart",
      "fullPath": "/static",
      "line": 13,
      "path": "/static",
      "router": "go_router",
      "screenWidget": "StaticScreen",
    },
  ],
}
`;

exports[`extractRoutes > matches snapshot: go_router_app.dart 1`] = `
{
  "dynamic": [],
  "routerGuards": [
    {
      "file": "fixtures/routes/go_router_app.dart",
      "line": 9,
      "redirect": "rootRedirect",
      "router": "go_router",
    },
  ],
  "routes": [
    {
      "children": [
        {
          "children": [
            {
              "children": [],
              "file": "fixtures/routes/go_router_app.dart",
              "fullPath": "/settings/about",
              "line": 23,
              "path": "about",
              "router": "go_router",
              "screenWidget": "AboutScreen",
            },
          ],
          "file": "fixtures/routes/go_router_app.dart",
          "fullPath": "/settings",
          "line": 18,
          "name": "settings",
          "path": "settings",
          "router": "go_router",
          "screenWidget": "SettingsScreen",
        },
      ],
      "file": "fixtures/routes/go_router_app.dart",
      "fullPath": "/",
      "line": 13,
      "name": "home",
      "path": "/",
      "router": "go_router",
      "screenWidget": "HomeScreen",
    },
    {
      "children": [
        {
          "children": [],
          "file": "fixtures/routes/go_router_app.dart",
          "fullPath": "/profile",
          "guards": [
            "authGuard",
          ],
          "line": 34,
          "path": "/profile",
          "router": "go_router",
          "screenWidget": "ProfilePage",
        },
        {
          "children": [],
          "file": "fixtures/routes/go_router_app.dart",
          "fullPath": "/profile/edit",
          "line": 40,
          "path": "/profile/edit",
          "router": "go_router",
          "screenWidget": "EditProfileScreen",
        },
      ],
      "file": "fixtures/routes/go_router_app.dart",
      "isShell": true,
      "line": 31,
      "router": "go_router",
      "shellWidget": "ScaffoldShell",
    },
    {
      "children": [],
      "file": "fixtures/routes/go_router_app.dart",
      "fullPath": "/feed",
      "line": 46,
      "name": "feed",
      "path": "/feed",
      "router": "go_router",
      "screenWidget": "FeedScreen",
    },
  ],
}
`;

exports[`extractRoutes > matches snapshot: stateful_shell.dart 1`] = `
{
  "dynamic": [],
  "routerGuards": [],
  "routes": [
    {
      "children": [
        {
          "children": [],
          "file": "fixtures/routes/stateful_shell.dart",
          "fullPath": "/feed",
          "line": 13,
          "path": "/feed",
          "router": "go_router",
          "screenWidget": "FeedScreen",
        },
        {
          "children": [],
          "file": "fixtures/routes/stateful_shell.dart",
          "fullPath": "/alerts",
          "line": 18,
          "path": "/alerts",
          "router": "go_router",
          "screenWidget": "AlertsScreen",
        },
      ],
      "file": "fixtures/routes/stateful_shell.dart",
      "isShell": true,
      "line": 8,
      "router": "go_router",
      "shellWidget": "HomeShell",
    },
  ],
}
`;
