// Vitest Snapshot v1, https://vitest.dev/guide/snapshot.html

exports[`extractSymbols > matches snapshot: app_router.dart 1`] = `
{
  "parseErrors": [],
  "symbols": [
    {
      "annotations": [],
      "children": [],
      "file": "fixtures/basic/app_router.dart",
      "id": "fixtures/basic/app_router.dart#kHomePath",
      "kind": "field",
      "modifiers": [],
      "name": "kHomePath",
      "nameRange": {
        "col": 14,
        "line": 5,
      },
      "qualifiedName": "kHomePath",
      "range": {
        "endLine": 5,
        "startLine": 5,
      },
    },
    {
      "annotations": [],
      "children": [],
      "file": "fixtures/basic/app_router.dart",
      "id": "fixtures/basic/app_router.dart#navigationCount",
      "kind": "field",
      "modifiers": [],
      "name": "navigationCount",
      "nameRange": {
        "col": 5,
        "line": 6,
      },
      "qualifiedName": "navigationCount",
      "range": {
        "endLine": 6,
        "startLine": 6,
      },
    },
    {
      "annotations": [],
      "children": [],
      "file": "fixtures/basic/app_router.dart",
      "id": "fixtures/basic/app_router.dart#appRouter",
      "kind": "field",
      "modifiers": [],
      "name": "appRouter",
      "nameRange": {
        "col": 16,
        "line": 8,
      },
      "qualifiedName": "appRouter",
      "range": {
        "endLine": 21,
        "startLine": 8,
      },
    },
    {
      "annotations": [],
      "children": [],
      "file": "fixtures/basic/app_router.dart",
      "id": "fixtures/basic/app_router.dart#describeLocation",
      "kind": "function",
      "modifiers": [],
      "name": "describeLocation",
      "nameRange": {
        "col": 8,
        "line": 23,
      },
      "parameters": [
        {
          "name": "location",
          "named": false,
          "required": true,
          "type": "String",
        },
      ],
      "qualifiedName": "describeLocation",
      "range": {
        "endLine": 26,
        "startLine": 23,
      },
      "returnType": "String",
    },
  ],
}
`;

exports[`extractSymbols > matches snapshot: broken.dart 1`] = `
{
  "parseErrors": [
    "syntax error at 7:11",
  ],
  "symbols": [
    {
      "annotations": [],
      "children": [
        {
          "annotations": [],
          "children": [],
          "file": "fixtures/basic/broken.dart",
          "id": "fixtures/basic/broken.dart#Working.fine",
          "kind": "method",
          "modifiers": [],
          "name": "fine",
          "nameRange": {
            "col": 8,
            "line": 2,
          },
          "parentId": "fixtures/basic/broken.dart#Working",
          "qualifiedName": "Working.fine",
          "range": {
            "endLine": 2,
            "startLine": 2,
          },
          "returnType": "void",
        },
      ],
      "file": "fixtures/basic/broken.dart",
      "id": "fixtures/basic/broken.dart#Working",
      "kind": "class",
      "modifiers": [],
      "name": "Working",
      "nameRange": {
        "col": 7,
        "line": 1,
      },
      "qualifiedName": "Working",
      "range": {
        "endLine": 3,
        "startLine": 1,
      },
    },
    {
      "annotations": [],
      "children": [
        {
          "annotations": [],
          "children": [],
          "file": "fixtures/basic/broken.dart",
          "id": "fixtures/basic/broken.dart#Broken.bad",
          "kind": "field",
          "modifiers": [],
          "name": "bad",
          "nameRange": {
            "col": 7,
            "line": 7,
          },
          "parentId": "fixtures/basic/broken.dart#Broken",
          "qualifiedName": "Broken.bad",
          "range": {
            "endLine": 7,
            "startLine": 7,
          },
          "returnType": "int",
        },
      ],
      "file": "fixtures/basic/broken.dart",
      "id": "fixtures/basic/broken.dart#Broken",
      "kind": "class",
      "modifiers": [],
      "name": "Broken",
      "nameRange": {
        "col": 7,
        "line": 5,
      },
      "qualifiedName": "Broken",
      "range": {
        "endLine": 8,
        "startLine": 5,
      },
    },
    {
      "annotations": [],
      "children": [
        {
          "annotations": [],
          "children": [],
          "file": "fixtures/basic/broken.dart",
          "id": "fixtures/basic/broken.dart#AfterError.alive",
          "kind": "field",
          "modifiers": [],
          "name": "alive",
          "nameRange": {
            "col": 7,
            "line": 11,
          },
          "parentId": "fixtures/basic/broken.dart#AfterError",
          "qualifiedName": "AfterError.alive",
          "range": {
            "endLine": 11,
            "startLine": 11,
          },
          "returnType": "int",
        },
      ],
      "file": "fixtures/basic/broken.dart",
      "id": "fixtures/basic/broken.dart#AfterError",
      "kind": "class",
      "modifiers": [],
      "name": "AfterError",
      "nameRange": {
        "col": 7,
        "line": 10,
      },
      "qualifiedName": "AfterError",
      "range": {
        "endLine": 12,
        "startLine": 10,
      },
    },
  ],
}
`;

exports[`extractSymbols > matches snapshot: declaration_detail.dart 1`] = `
{
  "parseErrors": [],
  "symbols": [
    {
      "annotations": [
        {
          "name": "immutable",
        },
        {
          "args": "name: 'DetailRoute'",
          "name": "RoutePage",
        },
      ],
      "children": [
        {
          "annotations": [],
          "children": [],
          "file": "fixtures/basic/declaration_detail.dart",
          "id": "fixtures/basic/declaration_detail.dart#DetailBloc.maxRetries",
          "kind": "field",
          "modifiers": [
            "static",
            "const",
          ],
          "name": "maxRetries",
          "nameRange": {
            "col": 20,
            "line": 9,
          },
          "parentId": "fixtures/basic/declaration_detail.dart#DetailBloc",
          "qualifiedName": "DetailBloc.maxRetries",
          "range": {
            "endLine": 9,
            "startLine": 9,
          },
          "returnType": "int",
        },
        {
          "annotations": [],
          "children": [],
          "file": "fixtures/basic/declaration_detail.dart",
          "id": "fixtures/basic/declaration_detail.dart#DetailBloc._label",
          "kind": "field",
          "modifiers": [
            "late",
            "final",
          ],
          "name": "_label",
          "nameRange": {
            "col": 22,
            "line": 10,
          },
          "parentId": "fixtures/basic/declaration_detail.dart#DetailBloc",
          "qualifiedName": "DetailBloc._label",
          "range": {
            "endLine": 10,
            "startLine": 10,
          },
          "returnType": "String?",
        },
        {
          "annotations": [],
          "children": [],
          "doc": "Creates the bloc.",
          "file": "fixtures/basic/declaration_detail.dart",
          "id": "fixtures/basic/declaration_detail.dart#DetailBloc.DetailBloc",
          "kind": "constructor",
          "modifiers": [
            "const",
          ],
          "name": "DetailBloc",
          "nameRange": {
            "col": 9,
            "line": 13,
          },
          "parameters": [
            {
              "name": "_label",
              "named": false,
              "required": true,
            },
            {
              "name": "repo",
              "named": true,
              "required": true,
              "type": "Repo",
            },
            {
              "name": "retries",
              "named": true,
              "required": false,
              "type": "int",
            },
          ],
          "parentId": "fixtures/basic/declaration_detail.dart#DetailBloc",
          "qualifiedName": "DetailBloc.DetailBloc",
          "range": {
            "endLine": 13,
            "startLine": 13,
          },
        },
        {
          "annotations": [],
          "children": [],
          "file": "fixtures/basic/declaration_detail.dart",
          "id": "fixtures/basic/declaration_detail.dart#DetailBloc.standard",
          "kind": "constructor",
          "modifiers": [
            "factory",
          ],
          "name": "standard",
          "nameRange": {
            "col": 22,
            "line": 15,
          },
          "parentId": "fixtures/basic/declaration_detail.dart#DetailBloc",
          "qualifiedName": "DetailBloc.standard",
          "range": {
            "endLine": 15,
            "startLine": 15,
          },
        },
        {
          "annotations": [
            {
              "name": "override",
            },
          ],
          "children": [],
          "file": "fixtures/basic/declaration_detail.dart",
          "id": "fixtures/basic/declaration_detail.dart#DetailBloc.load",
          "kind": "method",
          "modifiers": [
            "async",
          ],
          "name": "load",
          "nameRange": {
            "col": 16,
            "line": 18,
          },
          "parameters": [
            {
              "name": "id",
              "named": false,
              "required": true,
              "type": "String",
            },
            {
              "name": "depth",
              "named": false,
              "required": false,
              "type": "int",
            },
          ],
          "parentId": "fixtures/basic/declaration_detail.dart#DetailBloc",
          "qualifiedName": "DetailBloc.load",
          "range": {
            "endLine": 18,
            "startLine": 18,
          },
          "returnType": "Future<void>",
        },
        {
          "annotations": [],
          "children": [],
          "file": "fixtures/basic/declaration_detail.dart",
          "id": "fixtures/basic/declaration_detail.dart#DetailBloc.format",
          "kind": "method",
          "modifiers": [
            "static",
          ],
          "name": "format",
          "nameRange": {
            "col": 17,
            "line": 20,
          },
          "parameters": [
            {
              "name": "value",
              "named": false,
              "required": true,
              "type": "num",
            },
          ],
          "parentId": "fixtures/basic/declaration_detail.dart#DetailBloc",
          "qualifiedName": "DetailBloc.format",
          "range": {
            "endLine": 20,
            "startLine": 20,
          },
          "returnType": "String",
        },
        {
          "annotations": [],
          "children": [],
          "file": "fixtures/basic/declaration_detail.dart",
          "id": "fixtures/basic/declaration_detail.dart#DetailBloc.title",
          "kind": "getter",
          "modifiers": [],
          "name": "title",
          "nameRange": {
            "col": 14,
            "line": 22,
          },
          "parentId": "fixtures/basic/declaration_detail.dart#DetailBloc",
          "qualifiedName": "DetailBloc.title",
          "range": {
            "endLine": 22,
            "startLine": 22,
          },
          "returnType": "String",
        },
        {
          "annotations": [],
          "children": [],
          "file": "fixtures/basic/declaration_detail.dart",
          "id": "fixtures/basic/declaration_detail.dart#DetailBloc.title=",
          "kind": "setter",
          "modifiers": [],
          "name": "title=",
          "nameRange": {
            "col": 7,
            "line": 23,
          },
          "parameters": [
            {
              "name": "v",
              "named": false,
              "required": true,
              "type": "String",
            },
          ],
          "parentId": "fixtures/basic/declaration_detail.dart#DetailBloc",
          "qualifiedName": "DetailBloc.title=",
          "range": {
            "endLine": 23,
            "startLine": 23,
          },
        },
      ],
      "doc": "A bloc demonstrating every declaration-detail field Phase 2 extracts.",
      "extendsType": {
        "name": "Bloc",
        "typeArgs": [
          "DetailEvent",
          "DetailState",
        ],
      },
      "file": "fixtures/basic/declaration_detail.dart",
      "id": "fixtures/basic/declaration_detail.dart#DetailBloc",
      "implementsTypes": [
        {
          "name": "Disposable",
          "typeArgs": [],
        },
        {
          "name": "Comparable",
          "typeArgs": [
            "DetailBloc<E, S>",
          ],
        },
      ],
      "kind": "class",
      "mixesIn": [
        {
          "name": "LoggerMixin",
          "typeArgs": [],
        },
      ],
      "modifiers": [
        "abstract",
        "base",
      ],
      "name": "DetailBloc",
      "nameRange": {
        "col": 21,
        "line": 5,
      },
      "qualifiedName": "DetailBloc",
      "range": {
        "endLine": 24,
        "startLine": 3,
      },
      "typeParameters": [
        "E",
        "S extends Object",
      ],
    },
    {
      "annotations": [],
      "children": [],
      "file": "fixtures/basic/declaration_detail.dart",
      "id": "fixtures/basic/declaration_detail.dart#Shape",
      "kind": "class",
      "modifiers": [
        "sealed",
      ],
      "name": "Shape",
      "nameRange": {
        "col": 14,
        "line": 26,
      },
      "qualifiedName": "Shape",
      "range": {
        "endLine": 26,
        "startLine": 26,
      },
    },
    {
      "annotations": [],
      "children": [
        {
          "annotations": [],
          "children": [],
          "file": "fixtures/basic/declaration_detail.dart",
          "id": "fixtures/basic/declaration_detail.dart#Status.active",
          "kind": "field",
          "modifiers": [],
          "name": "active",
          "nameRange": {
            "col": 3,
            "line": 29,
          },
          "parentId": "fixtures/basic/declaration_detail.dart#Status",
          "qualifiedName": "Status.active",
          "range": {
            "endLine": 29,
            "startLine": 29,
          },
        },
        {
          "annotations": [],
          "children": [],
          "file": "fixtures/basic/declaration_detail.dart",
          "id": "fixtures/basic/declaration_detail.dart#Status.inactive",
          "kind": "field",
          "modifiers": [],
          "name": "inactive",
          "nameRange": {
            "col": 3,
            "line": 30,
          },
          "parentId": "fixtures/basic/declaration_detail.dart#Status",
          "qualifiedName": "Status.inactive",
          "range": {
            "endLine": 30,
            "startLine": 30,
          },
        },
        {
          "annotations": [
            {
              "name": "override",
            },
          ],
          "children": [],
          "file": "fixtures/basic/declaration_detail.dart",
          "id": "fixtures/basic/declaration_detail.dart#Status.compareTo",
          "kind": "method",
          "modifiers": [],
          "name": "compareTo",
          "nameRange": {
            "col": 7,
            "line": 33,
          },
          "parameters": [
            {
              "name": "other",
              "named": false,
              "required": true,
              "type": "Status",
            },
          ],
          "parentId": "fixtures/basic/declaration_detail.dart#Status",
          "qualifiedName": "Status.compareTo",
          "range": {
            "endLine": 33,
            "startLine": 33,
          },
          "returnType": "int",
        },
      ],
      "file": "fixtures/basic/declaration_detail.dart",
      "id": "fixtures/basic/declaration_detail.dart#Status",
      "implementsTypes": [
        {
          "name": "Comparable",
          "typeArgs": [
            "Status",
          ],
        },
      ],
      "kind": "enum",
      "mixesIn": [
        {
          "name": "Describable",
          "typeArgs": [],
        },
      ],
      "modifiers": [],
      "name": "Status",
      "nameRange": {
        "col": 6,
        "line": 28,
      },
      "qualifiedName": "Status",
      "range": {
        "endLine": 34,
        "startLine": 28,
      },
    },
    {
      "annotations": [
        {
          "args": "'use fetchSome'",
          "name": "Deprecated",
        },
      ],
      "children": [],
      "doc": "Fetches everything eagerly when [eager] is set.",
      "file": "fixtures/basic/declaration_detail.dart",
      "id": "fixtures/basic/declaration_detail.dart#fetchAll",
      "kind": "function",
      "modifiers": [
        "async",
      ],
      "name": "fetchAll",
      "nameRange": {
        "col": 19,
        "line": 38,
      },
      "parameters": [
        {
          "name": "seed",
          "named": false,
          "required": true,
          "type": "T",
        },
        {
          "name": "eager",
          "named": true,
          "required": false,
          "type": "bool",
        },
      ],
      "qualifiedName": "fetchAll",
      "range": {
        "endLine": 38,
        "startLine": 38,
      },
      "returnType": "Future<List<int>>",
      "typeParameters": [
        "T",
      ],
    },
    {
      "annotations": [],
      "children": [],
      "file": "fixtures/basic/declaration_detail.dart",
      "id": "fixtures/basic/declaration_detail.dart#onEach",
      "kind": "function",
      "modifiers": [],
      "name": "onEach",
      "nameRange": {
        "col": 6,
        "line": 40,
      },
      "parameters": [
        {
          "name": "callback",
          "named": false,
          "required": true,
          "type": "void Function(int)",
        },
        {
          "name": "label",
          "named": false,
          "required": false,
          "type": "String?",
        },
      ],
      "qualifiedName": "onEach",
      "range": {
        "endLine": 40,
        "startLine": 40,
      },
      "returnType": "void",
    },
    {
      "annotations": [],
      "children": [],
      "file": "fixtures/basic/declaration_detail.dart",
      "id": "fixtures/basic/declaration_detail.dart#JsonMap",
      "kind": "typedef",
      "modifiers": [],
      "name": "JsonMap",
      "nameRange": {
        "col": 9,
        "line": 42,
      },
      "qualifiedName": "JsonMap",
      "range": {
        "endLine": 42,
        "startLine": 42,
      },
    },
    {
      "annotations": [],
      "children": [],
      "file": "fixtures/basic/declaration_detail.dart",
      "id": "fixtures/basic/declaration_detail.dart#kTimeout",
      "kind": "field",
      "modifiers": [],
      "name": "kTimeout",
      "nameRange": {
        "col": 16,
        "line": 44,
      },
      "qualifiedName": "kTimeout",
      "range": {
        "endLine": 44,
        "startLine": 44,
      },
    },
  ],
}
`;

exports[`extractSymbols > matches snapshot: settings_screen.dart 1`] = `
{
  "parseErrors": [],
  "symbols": [
    {
      "annotations": [],
      "children": [
        {
          "annotations": [],
          "children": [],
          "file": "fixtures/basic/settings_screen.dart",
          "id": "fixtures/basic/settings_screen.dart#SettingsScreen.SettingsScreen",
          "kind": "constructor",
          "modifiers": [
            "const",
          ],
          "name": "SettingsScreen",
          "nameRange": {
            "col": 9,
            "line": 4,
          },
          "parameters": [
            {
              "name": "key",
              "named": true,
              "required": false,
            },
            {
              "name": "title",
              "named": true,
              "required": true,
            },
          ],
          "parentId": "fixtures/basic/settings_screen.dart#SettingsScreen",
          "qualifiedName": "SettingsScreen.SettingsScreen",
          "range": {
            "endLine": 4,
            "startLine": 4,
          },
        },
        {
          "annotations": [],
          "children": [],
          "file": "fixtures/basic/settings_screen.dart",
          "id": "fixtures/basic/settings_screen.dart#SettingsScreen.title",
          "kind": "field",
          "modifiers": [
            "final",
          ],
          "name": "title",
          "nameRange": {
            "col": 16,
            "line": 6,
          },
          "parentId": "fixtures/basic/settings_screen.dart#SettingsScreen",
          "qualifiedName": "SettingsScreen.title",
          "range": {
            "endLine": 6,
            "startLine": 6,
          },
          "returnType": "String",
        },
        {
          "annotations": [
            {
              "name": "override",
            },
          ],
          "children": [],
          "file": "fixtures/basic/settings_screen.dart",
          "id": "fixtures/basic/settings_screen.dart#SettingsScreen.createState",
          "kind": "method",
          "modifiers": [],
          "name": "createState",
          "nameRange": {
            "col": 25,
            "line": 9,
          },
          "parentId": "fixtures/basic/settings_screen.dart#SettingsScreen",
          "qualifiedName": "SettingsScreen.createState",
          "range": {
            "endLine": 9,
            "startLine": 9,
          },
          "returnType": "State<SettingsScreen>",
        },
      ],
      "extendsType": {
        "name": "StatefulWidget",
        "typeArgs": [],
      },
      "file": "fixtures/basic/settings_screen.dart",
      "id": "fixtures/basic/settings_screen.dart#SettingsScreen",
      "kind": "class",
      "modifiers": [],
      "name": "SettingsScreen",
      "nameRange": {
        "col": 7,
        "line": 3,
      },
      "qualifiedName": "SettingsScreen",
      "range": {
        "endLine": 10,
        "startLine": 3,
      },
    },
    {
      "annotations": [],
      "children": [
        {
          "annotations": [],
          "children": [],
          "file": "fixtures/basic/settings_screen.dart",
          "id": "fixtures/basic/settings_screen.dart#_SettingsScreenState._notificationsEnabled",
          "kind": "field",
          "modifiers": [],
          "name": "_notificationsEnabled",
          "nameRange": {
            "col": 8,
            "line": 13,
          },
          "parentId": "fixtures/basic/settings_screen.dart#_SettingsScreenState",
          "qualifiedName": "_SettingsScreenState._notificationsEnabled",
          "range": {
            "endLine": 13,
            "startLine": 13,
          },
          "returnType": "bool",
        },
        {
          "annotations": [],
          "children": [],
          "file": "fixtures/basic/settings_screen.dart",
          "id": "fixtures/basic/settings_screen.dart#_SettingsScreenState._toggleNotifications",
          "kind": "method",
          "modifiers": [],
          "name": "_toggleNotifications",
          "nameRange": {
            "col": 8,
            "line": 15,
          },
          "parameters": [
            {
              "name": "value",
              "named": false,
              "required": true,
              "type": "bool",
            },
          ],
          "parentId": "fixtures/basic/settings_screen.dart#_SettingsScreenState",
          "qualifiedName": "_SettingsScreenState._toggleNotifications",
          "range": {
            "endLine": 19,
            "startLine": 15,
          },
          "returnType": "void",
        },
        {
          "annotations": [
            {
              "name": "override",
            },
          ],
          "children": [],
          "file": "fixtures/basic/settings_screen.dart",
          "id": "fixtures/basic/settings_screen.dart#_SettingsScreenState.build",
          "kind": "method",
          "modifiers": [],
          "name": "build",
          "nameRange": {
            "col": 10,
            "line": 22,
          },
          "parameters": [
            {
              "name": "context",
              "named": false,
              "required": true,
              "type": "BuildContext",
            },
          ],
          "parentId": "fixtures/basic/settings_screen.dart#_SettingsScreenState",
          "qualifiedName": "_SettingsScreenState.build",
          "range": {
            "endLine": 35,
            "startLine": 22,
          },
          "returnType": "Widget",
        },
      ],
      "extendsType": {
        "name": "State",
        "typeArgs": [
          "SettingsScreen",
        ],
      },
      "file": "fixtures/basic/settings_screen.dart",
      "id": "fixtures/basic/settings_screen.dart#_SettingsScreenState",
      "kind": "class",
      "modifiers": [],
      "name": "_SettingsScreenState",
      "nameRange": {
        "col": 7,
        "line": 12,
      },
      "qualifiedName": "_SettingsScreenState",
      "range": {
        "endLine": 36,
        "startLine": 12,
      },
    },
  ],
}
`;

exports[`extractSymbols > matches snapshot: string_extensions.dart 1`] = `
{
  "parseErrors": [],
  "symbols": [
    {
      "annotations": [],
      "children": [
        {
          "annotations": [],
          "children": [],
          "file": "fixtures/basic/string_extensions.dart",
          "id": "fixtures/basic/string_extensions.dart#Validatable.validate",
          "kind": "method",
          "modifiers": [],
          "name": "validate",
          "nameRange": {
            "col": 16,
            "line": 2,
          },
          "parentId": "fixtures/basic/string_extensions.dart#Validatable",
          "qualifiedName": "Validatable.validate",
          "range": {
            "endLine": 2,
            "startLine": 2,
          },
          "returnType": "List<String>",
        },
        {
          "annotations": [],
          "children": [],
          "file": "fixtures/basic/string_extensions.dart",
          "id": "fixtures/basic/string_extensions.dart#Validatable.isValid",
          "kind": "getter",
          "modifiers": [],
          "name": "isValid",
          "nameRange": {
            "col": 12,
            "line": 4,
          },
          "parentId": "fixtures/basic/string_extensions.dart#Validatable",
          "qualifiedName": "Validatable.isValid",
          "range": {
            "endLine": 4,
            "startLine": 4,
          },
          "returnType": "bool",
        },
      ],
      "file": "fixtures/basic/string_extensions.dart",
      "id": "fixtures/basic/string_extensions.dart#Validatable",
      "kind": "mixin",
      "modifiers": [],
      "name": "Validatable",
      "nameRange": {
        "col": 7,
        "line": 1,
      },
      "qualifiedName": "Validatable",
      "range": {
        "endLine": 5,
        "startLine": 1,
      },
    },
    {
      "annotations": [],
      "children": [
        {
          "annotations": [],
          "children": [],
          "file": "fixtures/basic/string_extensions.dart",
          "id": "fixtures/basic/string_extensions.dart#StringX.isBlank",
          "kind": "getter",
          "modifiers": [],
          "name": "isBlank",
          "nameRange": {
            "col": 12,
            "line": 8,
          },
          "parentId": "fixtures/basic/string_extensions.dart#StringX",
          "qualifiedName": "StringX.isBlank",
          "range": {
            "endLine": 8,
            "startLine": 8,
          },
          "returnType": "bool",
        },
        {
          "annotations": [],
          "children": [],
          "file": "fixtures/basic/string_extensions.dart",
          "id": "fixtures/basic/string_extensions.dart#StringX.truncate",
          "kind": "method",
          "modifiers": [],
          "name": "truncate",
          "nameRange": {
            "col": 10,
            "line": 10,
          },
          "parameters": [
            {
              "name": "max",
              "named": false,
              "required": true,
              "type": "int",
            },
          ],
          "parentId": "fixtures/basic/string_extensions.dart#StringX",
          "qualifiedName": "StringX.truncate",
          "range": {
            "endLine": 13,
            "startLine": 10,
          },
          "returnType": "String",
        },
      ],
      "file": "fixtures/basic/string_extensions.dart",
      "id": "fixtures/basic/string_extensions.dart#StringX",
      "kind": "extension",
      "modifiers": [],
      "name": "StringX",
      "nameRange": {
        "col": 11,
        "line": 7,
      },
      "qualifiedName": "StringX",
      "range": {
        "endLine": 14,
        "startLine": 7,
      },
    },
    {
      "annotations": [],
      "children": [
        {
          "annotations": [],
          "children": [],
          "file": "fixtures/basic/string_extensions.dart",
          "id": "fixtures/basic/string_extensions.dart#Formatter.format",
          "kind": "method",
          "modifiers": [],
          "name": "format",
          "nameRange": {
            "col": 10,
            "line": 17,
          },
          "parameters": [
            {
              "name": "input",
              "named": false,
              "required": true,
              "type": "String",
            },
          ],
          "parentId": "fixtures/basic/string_extensions.dart#Formatter",
          "qualifiedName": "Formatter.format",
          "range": {
            "endLine": 17,
            "startLine": 17,
          },
          "returnType": "String",
        },
      ],
      "file": "fixtures/basic/string_extensions.dart",
      "id": "fixtures/basic/string_extensions.dart#Formatter",
      "kind": "class",
      "modifiers": [
        "abstract",
      ],
      "name": "Formatter",
      "nameRange": {
        "col": 16,
        "line": 16,
      },
      "qualifiedName": "Formatter",
      "range": {
        "endLine": 18,
        "startLine": 16,
      },
    },
  ],
}
`;

exports[`extractSymbols > matches snapshot: user_bloc.dart 1`] = `
{
  "parseErrors": [],
  "symbols": [
    {
      "annotations": [],
      "children": [],
      "file": "fixtures/basic/user_bloc.dart",
      "id": "fixtures/basic/user_bloc.dart#UserEvent",
      "kind": "class",
      "modifiers": [
        "sealed",
      ],
      "name": "UserEvent",
      "nameRange": {
        "col": 14,
        "line": 5,
      },
      "qualifiedName": "UserEvent",
      "range": {
        "endLine": 5,
        "startLine": 5,
      },
    },
    {
      "annotations": [],
      "children": [
        {
          "annotations": [],
          "children": [],
          "file": "fixtures/basic/user_bloc.dart",
          "id": "fixtures/basic/user_bloc.dart#LoadUser.userId",
          "kind": "field",
          "modifiers": [
            "final",
          ],
          "name": "userId",
          "nameRange": {
            "col": 16,
            "line": 8,
          },
          "parentId": "fixtures/basic/user_bloc.dart#LoadUser",
          "qualifiedName": "LoadUser.userId",
          "range": {
            "endLine": 8,
            "startLine": 8,
          },
          "returnType": "String",
        },
        {
          "annotations": [],
          "children": [],
          "file": "fixtures/basic/user_bloc.dart",
          "id": "fixtures/basic/user_bloc.dart#LoadUser.LoadUser",
          "kind": "constructor",
          "modifiers": [],
          "name": "LoadUser",
          "nameRange": {
            "col": 3,
            "line": 9,
          },
          "parameters": [
            {
              "name": "userId",
              "named": false,
              "required": true,
            },
          ],
          "parentId": "fixtures/basic/user_bloc.dart#LoadUser",
          "qualifiedName": "LoadUser.LoadUser",
          "range": {
            "endLine": 9,
            "startLine": 9,
          },
        },
      ],
      "extendsType": {
        "name": "UserEvent",
        "typeArgs": [],
      },
      "file": "fixtures/basic/user_bloc.dart",
      "id": "fixtures/basic/user_bloc.dart#LoadUser",
      "kind": "class",
      "modifiers": [
        "final",
      ],
      "name": "LoadUser",
      "nameRange": {
        "col": 13,
        "line": 7,
      },
      "qualifiedName": "LoadUser",
      "range": {
        "endLine": 10,
        "startLine": 7,
      },
    },
    {
      "annotations": [],
      "children": [],
      "extendsType": {
        "name": "UserEvent",
        "typeArgs": [],
      },
      "file": "fixtures/basic/user_bloc.dart",
      "id": "fixtures/basic/user_bloc.dart#RefreshUser",
      "kind": "class",
      "modifiers": [
        "final",
      ],
      "name": "RefreshUser",
      "nameRange": {
        "col": 13,
        "line": 12,
      },
      "qualifiedName": "RefreshUser",
      "range": {
        "endLine": 12,
        "startLine": 12,
      },
    },
    {
      "annotations": [],
      "children": [
        {
          "annotations": [],
          "children": [],
          "file": "fixtures/basic/user_bloc.dart",
          "id": "fixtures/basic/user_bloc.dart#UserBloc._repository",
          "kind": "field",
          "modifiers": [
            "final",
          ],
          "name": "_repository",
          "nameRange": {
            "col": 24,
            "line": 15,
          },
          "parentId": "fixtures/basic/user_bloc.dart#UserBloc",
          "qualifiedName": "UserBloc._repository",
          "range": {
            "endLine": 15,
            "startLine": 15,
          },
          "returnType": "UserRepository",
        },
        {
          "annotations": [],
          "children": [],
          "file": "fixtures/basic/user_bloc.dart",
          "id": "fixtures/basic/user_bloc.dart#UserBloc.UserBloc",
          "kind": "constructor",
          "modifiers": [],
          "name": "UserBloc",
          "nameRange": {
            "col": 3,
            "line": 17,
          },
          "parameters": [
            {
              "name": "_repository",
              "named": false,
              "required": true,
            },
          ],
          "parentId": "fixtures/basic/user_bloc.dart#UserBloc",
          "qualifiedName": "UserBloc.UserBloc",
          "range": {
            "endLine": 20,
            "startLine": 17,
          },
        },
        {
          "annotations": [],
          "children": [],
          "file": "fixtures/basic/user_bloc.dart",
          "id": "fixtures/basic/user_bloc.dart#UserBloc._onLoad",
          "kind": "method",
          "modifiers": [
            "async",
          ],
          "name": "_onLoad",
          "nameRange": {
            "col": 16,
            "line": 22,
          },
          "parameters": [
            {
              "name": "event",
              "named": false,
              "required": true,
              "type": "LoadUser",
            },
            {
              "name": "emit",
              "named": false,
              "required": true,
              "type": "Emitter<UserState>",
            },
          ],
          "parentId": "fixtures/basic/user_bloc.dart#UserBloc",
          "qualifiedName": "UserBloc._onLoad",
          "range": {
            "endLine": 26,
            "startLine": 22,
          },
          "returnType": "Future<void>",
        },
        {
          "annotations": [],
          "children": [],
          "file": "fixtures/basic/user_bloc.dart",
          "id": "fixtures/basic/user_bloc.dart#UserBloc._onRefresh",
          "kind": "method",
          "modifiers": [
            "async",
          ],
          "name": "_onRefresh",
          "nameRange": {
            "col": 16,
            "line": 28,
          },
          "parameters": [
            {
              "name": "event",
              "named": false,
              "required": true,
              "type": "RefreshUser",
            },
            {
              "name": "emit",
              "named": false,
              "required": true,
              "type": "Emitter<UserState>",
            },
          ],
          "parentId": "fixtures/basic/user_bloc.dart#UserBloc",
          "qualifiedName": "UserBloc._onRefresh",
          "range": {
            "endLine": 31,
            "startLine": 28,
          },
          "returnType": "Future<void>",
        },
      ],
      "extendsType": {
        "name": "Bloc",
        "typeArgs": [
          "UserEvent",
          "UserState",
        ],
      },
      "file": "fixtures/basic/user_bloc.dart",
      "id": "fixtures/basic/user_bloc.dart#UserBloc",
      "kind": "class",
      "modifiers": [],
      "name": "UserBloc",
      "nameRange": {
        "col": 7,
        "line": 14,
      },
      "qualifiedName": "UserBloc",
      "range": {
        "endLine": 32,
        "startLine": 14,
      },
    },
  ],
}
`;

exports[`extractSymbols > matches snapshot: user_model.dart 1`] = `
{
  "parseErrors": [],
  "symbols": [
    {
      "annotations": [],
      "children": [
        {
          "annotations": [],
          "children": [],
          "file": "fixtures/basic/user_model.dart",
          "id": "fixtures/basic/user_model.dart#UserRole.admin",
          "kind": "field",
          "modifiers": [],
          "name": "admin",
          "nameRange": {
            "col": 17,
            "line": 1,
          },
          "parentId": "fixtures/basic/user_model.dart#UserRole",
          "qualifiedName": "UserRole.admin",
          "range": {
            "endLine": 1,
            "startLine": 1,
          },
        },
        {
          "annotations": [],
          "children": [],
          "file": "fixtures/basic/user_model.dart",
          "id": "fixtures/basic/user_model.dart#UserRole.member",
          "kind": "field",
          "modifiers": [],
          "name": "member",
          "nameRange": {
            "col": 24,
            "line": 1,
          },
          "parentId": "fixtures/basic/user_model.dart#UserRole",
          "qualifiedName": "UserRole.member",
          "range": {
            "endLine": 1,
            "startLine": 1,
          },
        },
        {
          "annotations": [],
          "children": [],
          "file": "fixtures/basic/user_model.dart",
          "id": "fixtures/basic/user_model.dart#UserRole.guest",
          "kind": "field",
          "modifiers": [],
          "name": "guest",
          "nameRange": {
            "col": 32,
            "line": 1,
          },
          "parentId": "fixtures/basic/user_model.dart#UserRole",
          "qualifiedName": "UserRole.guest",
          "range": {
            "endLine": 1,
            "startLine": 1,
          },
        },
      ],
      "file": "fixtures/basic/user_model.dart",
      "id": "fixtures/basic/user_model.dart#UserRole",
      "kind": "enum",
      "modifiers": [],
      "name": "UserRole",
      "nameRange": {
        "col": 6,
        "line": 1,
      },
      "qualifiedName": "UserRole",
      "range": {
        "endLine": 1,
        "startLine": 1,
      },
    },
    {
      "annotations": [],
      "children": [],
      "file": "fixtures/basic/user_model.dart",
      "id": "fixtures/basic/user_model.dart#Json",
      "kind": "typedef",
      "modifiers": [],
      "name": "Json",
      "nameRange": {
        "col": 9,
        "line": 3,
      },
      "qualifiedName": "Json",
      "range": {
        "endLine": 3,
        "startLine": 3,
      },
    },
    {
      "annotations": [],
      "children": [
        {
          "annotations": [],
          "children": [],
          "file": "fixtures/basic/user_model.dart",
          "id": "fixtures/basic/user_model.dart#User.id",
          "kind": "field",
          "modifiers": [
            "final",
          ],
          "name": "id",
          "nameRange": {
            "col": 16,
            "line": 6,
          },
          "parentId": "fixtures/basic/user_model.dart#User",
          "qualifiedName": "User.id",
          "range": {
            "endLine": 6,
            "startLine": 6,
          },
          "returnType": "String",
        },
        {
          "annotations": [],
          "children": [],
          "file": "fixtures/basic/user_model.dart",
          "id": "fixtures/basic/user_model.dart#User.name",
          "kind": "field",
          "modifiers": [
            "final",
          ],
          "name": "name",
          "nameRange": {
            "col": 16,
            "line": 7,
          },
          "parentId": "fixtures/basic/user_model.dart#User",
          "qualifiedName": "User.name",
          "range": {
            "endLine": 7,
            "startLine": 7,
          },
          "returnType": "String",
        },
        {
          "annotations": [],
          "children": [],
          "file": "fixtures/basic/user_model.dart",
          "id": "fixtures/basic/user_model.dart#User.role",
          "kind": "field",
          "modifiers": [
            "final",
          ],
          "name": "role",
          "nameRange": {
            "col": 18,
            "line": 8,
          },
          "parentId": "fixtures/basic/user_model.dart#User",
          "qualifiedName": "User.role",
          "range": {
            "endLine": 8,
            "startLine": 8,
          },
          "returnType": "UserRole",
        },
        {
          "annotations": [],
          "children": [],
          "file": "fixtures/basic/user_model.dart",
          "id": "fixtures/basic/user_model.dart#User.maxNameLength",
          "kind": "field",
          "modifiers": [
            "static",
            "const",
          ],
          "name": "maxNameLength",
          "nameRange": {
            "col": 20,
            "line": 9,
          },
          "parentId": "fixtures/basic/user_model.dart#User",
          "qualifiedName": "User.maxNameLength",
          "range": {
            "endLine": 9,
            "startLine": 9,
          },
          "returnType": "int",
        },
        {
          "annotations": [],
          "children": [],
          "file": "fixtures/basic/user_model.dart",
          "id": "fixtures/basic/user_model.dart#User.User",
          "kind": "constructor",
          "modifiers": [
            "const",
          ],
          "name": "User",
          "nameRange": {
            "col": 9,
            "line": 11,
          },
          "parameters": [
            {
              "name": "id",
              "named": true,
              "required": true,
            },
            {
              "name": "name",
              "named": true,
              "required": true,
            },
            {
              "name": "role",
              "named": true,
              "required": false,
            },
          ],
          "parentId": "fixtures/basic/user_model.dart#User",
          "qualifiedName": "User.User",
          "range": {
            "endLine": 11,
            "startLine": 11,
          },
        },
        {
          "annotations": [],
          "children": [],
          "file": "fixtures/basic/user_model.dart",
          "id": "fixtures/basic/user_model.dart#User.guest",
          "kind": "constructor",
          "modifiers": [],
          "name": "guest",
          "nameRange": {
            "col": 8,
            "line": 13,
          },
          "parentId": "fixtures/basic/user_model.dart#User",
          "qualifiedName": "User.guest",
          "range": {
            "endLine": 16,
            "startLine": 13,
          },
        },
        {
          "annotations": [],
          "children": [],
          "file": "fixtures/basic/user_model.dart",
          "id": "fixtures/basic/user_model.dart#User.fromJson",
          "kind": "constructor",
          "modifiers": [
            "factory",
          ],
          "name": "fromJson",
          "nameRange": {
            "col": 16,
            "line": 18,
          },
          "parameters": [
            {
              "name": "json",
              "named": false,
              "required": true,
              "type": "Json",
            },
          ],
          "parentId": "fixtures/basic/user_model.dart#User",
          "qualifiedName": "User.fromJson",
          "range": {
            "endLine": 23,
            "startLine": 18,
          },
        },
        {
          "annotations": [],
          "children": [],
          "file": "fixtures/basic/user_model.dart",
          "id": "fixtures/basic/user_model.dart#User.isAdmin",
          "kind": "getter",
          "modifiers": [],
          "name": "isAdmin",
          "nameRange": {
            "col": 12,
            "line": 25,
          },
          "parentId": "fixtures/basic/user_model.dart#User",
          "qualifiedName": "User.isAdmin",
          "range": {
            "endLine": 25,
            "startLine": 25,
          },
          "returnType": "bool",
        },
        {
          "annotations": [],
          "children": [],
          "file": "fixtures/basic/user_model.dart",
          "id": "fixtures/basic/user_model.dart#User.toJson",
          "kind": "method",
          "modifiers": [],
          "name": "toJson",
          "nameRange": {
            "col": 8,
            "line": 27,
          },
          "parentId": "fixtures/basic/user_model.dart#User",
          "qualifiedName": "User.toJson",
          "range": {
            "endLine": 27,
            "startLine": 27,
          },
          "returnType": "Json",
        },
      ],
      "file": "fixtures/basic/user_model.dart",
      "id": "fixtures/basic/user_model.dart#User",
      "kind": "class",
      "modifiers": [],
      "name": "User",
      "nameRange": {
        "col": 7,
        "line": 5,
      },
      "qualifiedName": "User",
      "range": {
        "endLine": 28,
        "startLine": 5,
      },
    },
    {
      "annotations": [],
      "children": [
        {
          "annotations": [],
          "children": [],
          "file": "fixtures/basic/user_model.dart",
          "id": "fixtures/basic/user_model.dart#UserId.isValid",
          "kind": "getter",
          "modifiers": [],
          "name": "isValid",
          "nameRange": {
            "col": 12,
            "line": 31,
          },
          "parentId": "fixtures/basic/user_model.dart#UserId",
          "qualifiedName": "UserId.isValid",
          "range": {
            "endLine": 31,
            "startLine": 31,
          },
          "returnType": "bool",
        },
      ],
      "file": "fixtures/basic/user_model.dart",
      "id": "fixtures/basic/user_model.dart#UserId",
      "kind": "extensionType",
      "modifiers": [],
      "name": "UserId",
      "nameRange": {
        "col": 16,
        "line": 30,
      },
      "qualifiedName": "UserId",
      "range": {
        "endLine": 32,
        "startLine": 30,
      },
    },
  ],
}
`;

exports[`extractSymbols > matches snapshot: widget_tree_repro.dart 1`] = `
{
  "parseErrors": [],
  "symbols": [
    {
      "annotations": [],
      "children": [
        {
          "annotations": [],
          "children": [],
          "file": "fixtures/basic/widget_tree_repro.dart",
          "id": "fixtures/basic/widget_tree_repro.dart#ControlCard.ControlCard",
          "kind": "constructor",
          "modifiers": [
            "const",
          ],
          "name": "ControlCard",
          "nameRange": {
            "col": 9,
            "line": 9,
          },
          "parameters": [
            {
              "name": "key",
              "named": true,
              "required": false,
            },
          ],
          "parentId": "fixtures/basic/widget_tree_repro.dart#ControlCard",
          "qualifiedName": "ControlCard.ControlCard",
          "range": {
            "endLine": 9,
            "startLine": 9,
          },
        },
        {
          "annotations": [
            {
              "name": "override",
            },
          ],
          "children": [],
          "file": "fixtures/basic/widget_tree_repro.dart",
          "id": "fixtures/basic/widget_tree_repro.dart#ControlCard.build",
          "kind": "method",
          "modifiers": [],
          "name": "build",
          "nameRange": {
            "col": 10,
            "line": 12,
          },
          "parameters": [
            {
              "name": "context",
              "named": false,
              "required": true,
              "type": "BuildContext",
            },
          ],
          "parentId": "fixtures/basic/widget_tree_repro.dart#ControlCard",
          "qualifiedName": "ControlCard.build",
          "range": {
            "endLine": 24,
            "startLine": 12,
          },
          "returnType": "Widget",
        },
      ],
      "extendsType": {
        "name": "StatelessWidget",
        "typeArgs": [],
      },
      "file": "fixtures/basic/widget_tree_repro.dart",
      "id": "fixtures/basic/widget_tree_repro.dart#ControlCard",
      "kind": "class",
      "modifiers": [],
      "name": "ControlCard",
      "nameRange": {
        "col": 7,
        "line": 8,
      },
      "qualifiedName": "ControlCard",
      "range": {
        "endLine": 25,
        "startLine": 8,
      },
    },
    {
      "annotations": [],
      "children": [
        {
          "annotations": [],
          "children": [],
          "file": "fixtures/basic/widget_tree_repro.dart",
          "id": "fixtures/basic/widget_tree_repro.dart#ConditionalReturnField.ConditionalReturnField",
          "kind": "constructor",
          "modifiers": [
            "const",
          ],
          "name": "ConditionalReturnField",
          "nameRange": {
            "col": 9,
            "line": 31,
          },
          "parameters": [
            {
              "name": "dropdown",
              "named": true,
              "required": true,
            },
            {
              "name": "key",
              "named": true,
              "required": false,
            },
          ],
          "parentId": "fixtures/basic/widget_tree_repro.dart#ConditionalReturnField",
          "qualifiedName": "ConditionalReturnField.ConditionalReturnField",
          "range": {
            "endLine": 31,
            "startLine": 31,
          },
        },
        {
          "annotations": [],
          "children": [],
          "file": "fixtures/basic/widget_tree_repro.dart",
          "id": "fixtures/basic/widget_tree_repro.dart#ConditionalReturnField.dropdown",
          "kind": "field",
          "modifiers": [
            "final",
          ],
          "name": "dropdown",
          "nameRange": {
            "col": 14,
            "line": 33,
          },
          "parentId": "fixtures/basic/widget_tree_repro.dart#ConditionalReturnField",
          "qualifiedName": "ConditionalReturnField.dropdown",
          "range": {
            "endLine": 33,
            "startLine": 33,
          },
          "returnType": "bool",
        },
        {
          "annotations": [
            {
              "name": "override",
            },
          ],
          "children": [],
          "file": "fixtures/basic/widget_tree_repro.dart",
          "id": "fixtures/basic/widget_tree_repro.dart#ConditionalReturnField.build",
          "kind": "method",
          "modifiers": [],
          "name": "build",
          "nameRange": {
            "col": 10,
            "line": 36,
          },
          "parameters": [
            {
              "name": "context",
              "named": false,
              "required": true,
              "type": "BuildContext",
            },
          ],
          "parentId": "fixtures/basic/widget_tree_repro.dart#ConditionalReturnField",
          "qualifiedName": "ConditionalReturnField.build",
          "range": {
            "endLine": 42,
            "startLine": 36,
          },
          "returnType": "Widget",
        },
      ],
      "extendsType": {
        "name": "StatelessWidget",
        "typeArgs": [],
      },
      "file": "fixtures/basic/widget_tree_repro.dart",
      "id": "fixtures/basic/widget_tree_repro.dart#ConditionalReturnField",
      "kind": "class",
      "modifiers": [],
      "name": "ConditionalReturnField",
      "nameRange": {
        "col": 7,
        "line": 30,
      },
      "qualifiedName": "ConditionalReturnField",
      "range": {
        "endLine": 43,
        "startLine": 30,
      },
    },
    {
      "annotations": [],
      "children": [
        {
          "annotations": [],
          "children": [],
          "file": "fixtures/basic/widget_tree_repro.dart",
          "id": "fixtures/basic/widget_tree_repro.dart#BuilderHelperField.BuilderHelperField",
          "kind": "constructor",
          "modifiers": [
            "const",
          ],
          "name": "BuilderHelperField",
          "nameRange": {
            "col": 9,
            "line": 49,
          },
          "parameters": [
            {
              "name": "key",
              "named": true,
              "required": false,
            },
          ],
          "parentId": "fixtures/basic/widget_tree_repro.dart#BuilderHelperField",
          "qualifiedName": "BuilderHelperField.BuilderHelperField",
          "range": {
            "endLine": 49,
            "startLine": 49,
          },
        },
        {
          "annotations": [
            {
              "name": "override",
            },
          ],
          "children": [],
          "file": "fixtures/basic/widget_tree_repro.dart",
          "id": "fixtures/basic/widget_tree_repro.dart#BuilderHelperField.build",
          "kind": "method",
          "modifiers": [],
          "name": "build",
          "nameRange": {
            "col": 10,
            "line": 52,
          },
          "parameters": [
            {
              "name": "context",
              "named": false,
              "required": true,
              "type": "BuildContext",
            },
          ],
          "parentId": "fixtures/basic/widget_tree_repro.dart#BuilderHelperField",
          "qualifiedName": "BuilderHelperField.build",
          "range": {
            "endLine": 59,
            "startLine": 52,
          },
          "returnType": "Widget",
        },
        {
          "annotations": [],
          "children": [],
          "file": "fixtures/basic/widget_tree_repro.dart",
          "id": "fixtures/basic/widget_tree_repro.dart#BuilderHelperField._buildBody",
          "kind": "method",
          "modifiers": [],
          "name": "_buildBody",
          "nameRange": {
            "col": 10,
            "line": 61,
          },
          "parameters": [
            {
              "name": "context",
              "named": false,
              "required": true,
              "type": "BuildContext",
            },
          ],
          "parentId": "fixtures/basic/widget_tree_repro.dart#BuilderHelperField",
          "qualifiedName": "BuilderHelperField._buildBody",
          "range": {
            "endLine": 68,
            "startLine": 61,
          },
          "returnType": "Widget",
        },
      ],
      "extendsType": {
        "name": "StatelessWidget",
        "typeArgs": [],
      },
      "file": "fixtures/basic/widget_tree_repro.dart",
      "id": "fixtures/basic/widget_tree_repro.dart#BuilderHelperField",
      "kind": "class",
      "modifiers": [],
      "name": "BuilderHelperField",
      "nameRange": {
        "col": 7,
        "line": 48,
      },
      "qualifiedName": "BuilderHelperField",
      "range": {
        "endLine": 69,
        "startLine": 48,
      },
    },
    {
      "annotations": [],
      "children": [
        {
          "annotations": [],
          "children": [],
          "file": "fixtures/basic/widget_tree_repro.dart",
          "id": "fixtures/basic/widget_tree_repro.dart#ListenableField.ListenableField",
          "kind": "constructor",
          "modifiers": [
            "const",
          ],
          "name": "ListenableField",
          "nameRange": {
            "col": 9,
            "line": 75,
          },
          "parameters": [
            {
              "name": "key",
              "named": true,
              "required": false,
            },
          ],
          "parentId": "fixtures/basic/widget_tree_repro.dart#ListenableField",
          "qualifiedName": "ListenableField.ListenableField",
          "range": {
            "endLine": 75,
            "startLine": 75,
          },
        },
        {
          "annotations": [
            {
              "name": "override",
            },
          ],
          "children": [],
          "file": "fixtures/basic/widget_tree_repro.dart",
          "id": "fixtures/basic/widget_tree_repro.dart#ListenableField.build",
          "kind": "method",
          "modifiers": [],
          "name": "build",
          "nameRange": {
            "col": 10,
            "line": 78,
          },
          "parameters": [
            {
              "name": "context",
              "named": false,
              "required": true,
              "type": "BuildContext",
            },
          ],
          "parentId": "fixtures/basic/widget_tree_repro.dart#ListenableField",
          "qualifiedName": "ListenableField.build",
          "range": {
            "endLine": 91,
            "startLine": 78,
          },
          "returnType": "Widget",
        },
      ],
      "extendsType": {
        "name": "StatelessWidget",
        "typeArgs": [],
      },
      "file": "fixtures/basic/widget_tree_repro.dart",
      "id": "fixtures/basic/widget_tree_repro.dart#ListenableField",
      "kind": "class",
      "modifiers": [],
      "name": "ListenableField",
      "nameRange": {
        "col": 7,
        "line": 74,
      },
      "qualifiedName": "ListenableField",
      "range": {
        "endLine": 92,
        "startLine": 74,
      },
    },
    {
      "annotations": [],
      "children": [
        {
          "annotations": [],
          "children": [],
          "file": "fixtures/basic/widget_tree_repro.dart",
          "id": "fixtures/basic/widget_tree_repro.dart#MappedChildrenField.MappedChildrenField",
          "kind": "constructor",
          "modifiers": [
            "const",
          ],
          "name": "MappedChildrenField",
          "nameRange": {
            "col": 9,
            "line": 99,
          },
          "parameters": [
            {
              "name": "items",
              "named": true,
              "required": true,
            },
            {
              "name": "key",
              "named": true,
              "required": false,
            },
          ],
          "parentId": "fixtures/basic/widget_tree_repro.dart#MappedChildrenField",
          "qualifiedName": "MappedChildrenField.MappedChildrenField",
          "range": {
            "endLine": 99,
            "startLine": 99,
          },
        },
        {
          "annotations": [],
          "children": [],
          "file": "fixtures/basic/widget_tree_repro.dart",
          "id": "fixtures/basic/widget_tree_repro.dart#MappedChildrenField.items",
          "kind": "field",
          "modifiers": [
            "final",
          ],
          "name": "items",
          "nameRange": {
            "col": 22,
            "line": 101,
          },
          "parentId": "fixtures/basic/widget_tree_repro.dart#MappedChildrenField",
          "qualifiedName": "MappedChildrenField.items",
          "range": {
            "endLine": 101,
            "startLine": 101,
          },
          "returnType": "List<String>",
        },
        {
          "annotations": [
            {
              "name": "override",
            },
          ],
          "children": [],
          "file": "fixtures/basic/widget_tree_repro.dart",
          "id": "fixtures/basic/widget_tree_repro.dart#MappedChildrenField.build",
          "kind": "method",
          "modifiers": [],
          "name": "build",
          "nameRange": {
            "col": 10,
            "line": 104,
          },
          "parameters": [
            {
              "name": "context",
              "named": false,
              "required": true,
              "type": "BuildContext",
            },
          ],
          "parentId": "fixtures/basic/widget_tree_repro.dart#MappedChildrenField",
          "qualifiedName": "MappedChildrenField.build",
          "range": {
            "endLine": 110,
            "startLine": 104,
          },
          "returnType": "Widget",
        },
      ],
      "extendsType": {
        "name": "StatelessWidget",
        "typeArgs": [],
      },
      "file": "fixtures/basic/widget_tree_repro.dart",
      "id": "fixtures/basic/widget_tree_repro.dart#MappedChildrenField",
      "kind": "class",
      "modifiers": [],
      "name": "MappedChildrenField",
      "nameRange": {
        "col": 7,
        "line": 98,
      },
      "qualifiedName": "MappedChildrenField",
      "range": {
        "endLine": 111,
        "startLine": 98,
      },
    },
    {
      "annotations": [],
      "children": [
        {
          "annotations": [],
          "children": [],
          "file": "fixtures/basic/widget_tree_repro.dart",
          "id": "fixtures/basic/widget_tree_repro.dart#SpreadMappedChildrenField.SpreadMappedChildrenField",
          "kind": "constructor",
          "modifiers": [
            "const",
          ],
          "name": "SpreadMappedChildrenField",
          "nameRange": {
            "col": 9,
            "line": 119,
          },
          "parameters": [
            {
              "name": "items",
              "named": true,
              "required": true,
            },
            {
              "name": "key",
              "named": true,
              "required": false,
            },
          ],
          "parentId": "fixtures/basic/widget_tree_repro.dart#SpreadMappedChildrenField",
          "qualifiedName": "SpreadMappedChildrenField.SpreadMappedChildrenField",
          "range": {
            "endLine": 119,
            "startLine": 119,
          },
        },
        {
          "annotations": [],
          "children": [],
          "file": "fixtures/basic/widget_tree_repro.dart",
          "id": "fixtures/basic/widget_tree_repro.dart#SpreadMappedChildrenField.items",
          "kind": "field",
          "modifiers": [
            "final",
          ],
          "name": "items",
          "nameRange": {
            "col": 22,
            "line": 121,
          },
          "parentId": "fixtures/basic/widget_tree_repro.dart#SpreadMappedChildrenField",
          "qualifiedName": "SpreadMappedChildrenField.items",
          "range": {
            "endLine": 121,
            "startLine": 121,
          },
          "returnType": "List<String>",
        },
        {
          "annotations": [
            {
              "name": "override",
            },
          ],
          "children": [],
          "file": "fixtures/basic/widget_tree_repro.dart",
          "id": "fixtures/basic/widget_tree_repro.dart#SpreadMappedChildrenField.build",
          "kind": "method",
          "modifiers": [],
          "name": "build",
          "nameRange": {
            "col": 10,
            "line": 124,
          },
          "parameters": [
            {
              "name": "context",
              "named": false,
              "required": true,
              "type": "BuildContext",
            },
          ],
          "parentId": "fixtures/basic/widget_tree_repro.dart#SpreadMappedChildrenField",
          "qualifiedName": "SpreadMappedChildrenField.build",
          "range": {
            "endLine": 132,
            "startLine": 124,
          },
          "returnType": "Widget",
        },
      ],
      "extendsType": {
        "name": "StatelessWidget",
        "typeArgs": [],
      },
      "file": "fixtures/basic/widget_tree_repro.dart",
      "id": "fixtures/basic/widget_tree_repro.dart#SpreadMappedChildrenField",
      "kind": "class",
      "modifiers": [],
      "name": "SpreadMappedChildrenField",
      "nameRange": {
        "col": 7,
        "line": 118,
      },
      "qualifiedName": "SpreadMappedChildrenField",
      "range": {
        "endLine": 133,
        "startLine": 118,
      },
    },
    {
      "annotations": [],
      "children": [
        {
          "annotations": [],
          "children": [],
          "file": "fixtures/basic/widget_tree_repro.dart",
          "id": "fixtures/basic/widget_tree_repro.dart#EarlyReturnField.EarlyReturnField",
          "kind": "constructor",
          "modifiers": [
            "const",
          ],
          "name": "EarlyReturnField",
          "nameRange": {
            "col": 9,
            "line": 139,
          },
          "parameters": [
            {
              "name": "loading",
              "named": true,
              "required": true,
            },
            {
              "name": "key",
              "named": true,
              "required": false,
            },
          ],
          "parentId": "fixtures/basic/widget_tree_repro.dart#EarlyReturnField",
          "qualifiedName": "EarlyReturnField.EarlyReturnField",
          "range": {
            "endLine": 139,
            "startLine": 139,
          },
        },
        {
          "annotations": [],
          "children": [],
          "file": "fixtures/basic/widget_tree_repro.dart",
          "id": "fixtures/basic/widget_tree_repro.dart#EarlyReturnField.loading",
          "kind": "field",
          "modifiers": [
            "final",
          ],
          "name": "loading",
          "nameRange": {
            "col": 14,
            "line": 141,
          },
          "parentId": "fixtures/basic/widget_tree_repro.dart#EarlyReturnField",
          "qualifiedName": "EarlyReturnField.loading",
          "range": {
            "endLine": 141,
            "startLine": 141,
          },
          "returnType": "bool",
        },
        {
          "annotations": [
            {
              "name": "override",
            },
          ],
          "children": [],
          "file": "fixtures/basic/widget_tree_repro.dart",
          "id": "fixtures/basic/widget_tree_repro.dart#EarlyReturnField.build",
          "kind": "method",
          "modifiers": [],
          "name": "build",
          "nameRange": {
            "col": 10,
            "line": 144,
          },
          "parameters": [
            {
              "name": "context",
              "named": false,
              "required": true,
              "type": "BuildContext",
            },
          ],
          "parentId": "fixtures/basic/widget_tree_repro.dart#EarlyReturnField",
          "qualifiedName": "EarlyReturnField.build",
          "range": {
            "endLine": 151,
            "startLine": 144,
          },
          "returnType": "Widget",
        },
      ],
      "extendsType": {
        "name": "StatelessWidget",
        "typeArgs": [],
      },
      "file": "fixtures/basic/widget_tree_repro.dart",
      "id": "fixtures/basic/widget_tree_repro.dart#EarlyReturnField",
      "kind": "class",
      "modifiers": [],
      "name": "EarlyReturnField",
      "nameRange": {
        "col": 7,
        "line": 138,
      },
      "qualifiedName": "EarlyReturnField",
      "range": {
        "endLine": 152,
        "startLine": 138,
      },
    },
    {
      "annotations": [],
      "children": [
        {
          "annotations": [],
          "children": [],
          "file": "fixtures/basic/widget_tree_repro.dart",
          "id": "fixtures/basic/widget_tree_repro.dart#MultiProviderScreen.MultiProviderScreen",
          "kind": "constructor",
          "modifiers": [
            "const",
          ],
          "name": "MultiProviderScreen",
          "nameRange": {
            "col": 9,
            "line": 159,
          },
          "parameters": [
            {
              "name": "key",
              "named": true,
              "required": false,
            },
          ],
          "parentId": "fixtures/basic/widget_tree_repro.dart#MultiProviderScreen",
          "qualifiedName": "MultiProviderScreen.MultiProviderScreen",
          "range": {
            "endLine": 159,
            "startLine": 159,
          },
        },
        {
          "annotations": [
            {
              "name": "override",
            },
          ],
          "children": [],
          "file": "fixtures/basic/widget_tree_repro.dart",
          "id": "fixtures/basic/widget_tree_repro.dart#MultiProviderScreen.build",
          "kind": "method",
          "modifiers": [],
          "name": "build",
          "nameRange": {
            "col": 10,
            "line": 162,
          },
          "parameters": [
            {
              "name": "context",
              "named": false,
              "required": true,
              "type": "BuildContext",
            },
          ],
          "parentId": "fixtures/basic/widget_tree_repro.dart#MultiProviderScreen",
          "qualifiedName": "MultiProviderScreen.build",
          "range": {
            "endLine": 175,
            "startLine": 162,
          },
          "returnType": "Widget",
        },
      ],
      "extendsType": {
        "name": "StatelessWidget",
        "typeArgs": [],
      },
      "file": "fixtures/basic/widget_tree_repro.dart",
      "id": "fixtures/basic/widget_tree_repro.dart#MultiProviderScreen",
      "kind": "class",
      "modifiers": [],
      "name": "MultiProviderScreen",
      "nameRange": {
        "col": 7,
        "line": 158,
      },
      "qualifiedName": "MultiProviderScreen",
      "range": {
        "endLine": 176,
        "startLine": 158,
      },
    },
  ],
}
`;
