// Vitest Snapshot v1, https://vitest.dev/guide/snapshot.html

exports[`extractWidgets > matches snapshot: arrow_body.dart 1`] = `
[
  {
    "buildTree": [
      {
        "line": 12,
        "namedSlots": {
          "home": [
            {
              "line": 12,
              "namedSlots": {},
              "widget": "HomeBody",
            },
          ],
        },
        "widget": "MaterialApp",
      },
    ],
    "file": "fixtures/widgets/arrow_body.dart",
    "flavor": "stateless",
    "line": 8,
    "name": "ConstArrowScreen",
    "superclass": "StatelessWidget",
    "symbolId": "fixtures/widgets/arrow_body.dart#ConstArrowScreen",
  },
  {
    "buildTree": [
      {
        "line": 20,
        "namedSlots": {
          "body": [
            {
              "line": 20,
              "namedSlots": {},
              "widget": "HomeBody",
            },
          ],
        },
        "widget": "Scaffold",
      },
    ],
    "file": "fixtures/widgets/arrow_body.dart",
    "flavor": "stateless",
    "line": 16,
    "name": "PlainArrowScreen",
    "superclass": "StatelessWidget",
    "symbolId": "fixtures/widgets/arrow_body.dart#PlainArrowScreen",
  },
  {
    "buildTree": [
      {
        "line": 27,
        "namedSlots": {},
        "widget": "SizedBox",
      },
    ],
    "file": "fixtures/widgets/arrow_body.dart",
    "flavor": "stateless",
    "line": 23,
    "name": "HomeBody",
    "superclass": "StatelessWidget",
    "symbolId": "fixtures/widgets/arrow_body.dart#HomeBody",
  },
]
`;

exports[`extractWidgets > matches snapshot: home_screen.dart 1`] = `
[
  {
    "buildTree": [
      {
        "line": 10,
        "namedSlots": {
          "appBar": [
            {
              "line": 11,
              "namedSlots": {
                "title": [
                  {
                    "line": 11,
                    "namedSlots": {},
                    "widget": "Text",
                  },
                ],
              },
              "widget": "AppBar",
            },
          ],
          "body": [
            {
              "line": 12,
              "namedSlots": {
                "builder": [
                  {
                    "isBuilderCallback": true,
                    "line": 14,
                    "namedSlots": {
                      "itemBuilder": [
                        {
                          "isBuilderCallback": true,
                          "line": 17,
                          "namedSlots": {
                            "title": [
                              {
                                "line": 17,
                                "namedSlots": {},
                                "widget": "Text",
                              },
                            ],
                          },
                          "widget": "ListTile",
                        },
                      ],
                    },
                    "widget": "ListView.builder",
                  },
                ],
              },
              "typeArgs": [
                "HomeBloc",
                "HomeState",
              ],
              "widget": "BlocBuilder",
            },
          ],
          "floatingActionButton": [
            {
              "line": 22,
              "namedSlots": {
                "child": [
                  {
                    "line": 24,
                    "namedSlots": {},
                    "widget": "Icon",
                  },
                ],
              },
              "widget": "FloatingActionButton",
            },
          ],
        },
        "widget": "Scaffold",
      },
    ],
    "file": "fixtures/widgets/home_screen.dart",
    "flavor": "stateless",
    "line": 5,
    "name": "HomeScreen",
    "superclass": "StatelessWidget",
    "symbolId": "fixtures/widgets/home_screen.dart#HomeScreen",
  },
]
`;

exports[`extractWidgets > matches snapshot: profile_widgets.dart 1`] = `
[
  {
    "buildTree": [
      {
        "line": 14,
        "namedSlots": {
          "children": [
            {
              "line": 16,
              "namedSlots": {},
              "widget": "Text",
            },
            {
              "line": 17,
              "namedSlots": {},
              "widget": "Divider",
            },
            {
              "line": 18,
              "namedSlots": {
                "child": [
                  {
                    "line": 20,
                    "namedSlots": {},
                    "widget": "Text",
                  },
                ],
              },
              "widget": "ElevatedButton",
            },
          ],
        },
        "widget": "Column",
      },
    ],
    "file": "fixtures/widgets/profile_widgets.dart",
    "flavor": "consumer",
    "line": 6,
    "name": "ProfileView",
    "superclass": "ConsumerWidget",
    "symbolId": "fixtures/widgets/profile_widgets.dart#ProfileView",
  },
  {
    "buildTree": [
      {
        "line": 34,
        "namedSlots": {
          "child": [
            {
              "line": 36,
              "namedSlots": {
                "label": [
                  {
                    "line": 36,
                    "namedSlots": {},
                    "widget": "Text",
                  },
                ],
              },
              "widget": "Badge",
            },
          ],
        },
        "widget": "GestureDetector",
      },
    ],
    "file": "fixtures/widgets/profile_widgets.dart",
    "flavor": "hook",
    "line": 28,
    "name": "CounterBadge",
    "superclass": "HookWidget",
    "symbolId": "fixtures/widgets/profile_widgets.dart#CounterBadge",
  },
]
`;
