// Vitest Snapshot v1, https://vitest.dev/guide/snapshot.html

exports[`get_route_graph (formatted response) > renders the complete graph 1`] = `
"# Route graph: 27 route(s), 5 dynamic table(s)

## go_router
- global redirect: rootRedirect — go_router_app.dart:9
- /home → HomeScreen — const_paths_guarded.dart:26
- /detail → WorkLogDetailScreen — :30
  - /detail/edit → WorkLogEditScreen — :40
- RoutePaths.unmapped (unresolved const) → MysteryScreen — :52
- /splash → SplashScreen — :56
- /static → StaticScreen — dynamic_routes.dart:13
- / → HomeScreen (home) — go_router_app.dart:13
  - /settings → SettingsScreen (settings) — :18
    - /settings/about → AboutScreen — :23
- (shell — no path) (shell: ScaffoldShell) — :31
  - /profile → ProfilePage — :34  [guards: authGuard]
  - /profile/edit → EditProfileScreen — :40
- /feed → FeedScreen (feed) — :46
- /host → HostScreen — route_tables.dart:33
- /module → ModuleScreen — :10
- /module/detail → ModuleDetailScreen — :11
- /extra → ExtraScreen — :19
- /cyclic → CyclicScreen — :26
- (shell — no path) (shell: HomeShell) — stateful_shell.dart:8
  - /feed → FeedScreen — :13
  - /alerts → AlertsScreen — :18

## auto_route
- (no explicit path) → HomeRoute → HomeScreen — auto_route_config.dart:24
- /profile → ProfileRoute → ProfileScreen — :25  [guards: AuthGuard]
- /dashboard → DashboardRoute — :30
  - /dashboard/stats → StatsRoute — :34
- * → /login (redirect) — :37

## Dynamic routes — 5 table(s) the syntax layer can't enumerate
- dynamic_routes.dart:6 — GoRouter routes provided by reference (\`sharedRoutes\`), not a literal list — table unknown
- :10 — route(s) generated by a collection-for/if — contents unknown
- :12 — routes spread from \`...legacyRoutes\` — contents unknown
- route_tables.dart:27 — routes mounted from \`...CyclicNavigation.routes()\` — no static table indexed
- :37 — routes mounted from \`...MissingNavigation.routes()\` — no static table indexed

Paths/screens are syntactic — screen names are constructors as written, not resolved. Const paths (e.g. \`RoutePaths.home\`) are resolved from indexed string consts where possible; an unresolved one is shown verbatim and labelled. A location written \`:120\` is a line in the last file named above it.
index: 7 files · 0 parse errors · updated just now"
`;
