// Vitest Snapshot v1, https://vitest.dev/guide/snapshot.html

exports[`get_route_graph (formatted response) > renders the complete graph 1`] = `
"# Route graph: 27 route(s), 5 dynamic table(s)

## go_router
- global redirect: rootRedirect — go_router_app.dart:9
- /home → HomeScreen — const_paths_guarded.dart:26
- /detail → WorkLogDetailScreen — const_paths_guarded.dart:30
  - /detail/edit → WorkLogEditScreen — const_paths_guarded.dart:40
- RoutePaths.unmapped (unresolved const) → MysteryScreen — const_paths_guarded.dart:52
- /splash → SplashScreen — const_paths_guarded.dart:56
- /static → StaticScreen — dynamic_routes.dart:13
- / → HomeScreen (home) — go_router_app.dart:13
  - /settings → SettingsScreen (settings) — go_router_app.dart:18
    - /settings/about → AboutScreen — go_router_app.dart:23
- (shell — no path) (shell: ScaffoldShell) — go_router_app.dart:31
  - /profile → ProfilePage — go_router_app.dart:34  [guards: authGuard]
  - /profile/edit → EditProfileScreen — go_router_app.dart:40
- /feed → FeedScreen (feed) — go_router_app.dart:46
- /host → HostScreen — route_tables.dart:33
- /module → ModuleScreen — route_tables.dart:10
- /module/detail → ModuleDetailScreen — route_tables.dart:11
- /extra → ExtraScreen — route_tables.dart:19
- /cyclic → CyclicScreen — route_tables.dart:26
- (shell — no path) (shell: HomeShell) — stateful_shell.dart:8
  - /feed → FeedScreen — stateful_shell.dart:13
  - /alerts → AlertsScreen — stateful_shell.dart:18

## auto_route
- (no explicit path) → HomeRoute → HomeScreen — auto_route_config.dart:24
- /profile → ProfileRoute → ProfileScreen — auto_route_config.dart:25  [guards: AuthGuard]
- /dashboard → DashboardRoute — auto_route_config.dart:30
  - /dashboard/stats → StatsRoute — auto_route_config.dart:34
- * → /login (redirect) — auto_route_config.dart:37

## Dynamic routes — 5 table(s) the syntax layer can't enumerate
- dynamic_routes.dart:6 — GoRouter routes provided by reference (\`sharedRoutes\`), not a literal list — table unknown
- dynamic_routes.dart:10 — route(s) generated by a collection-for/if — contents unknown
- dynamic_routes.dart:12 — routes spread from \`...legacyRoutes\` — contents unknown
- route_tables.dart:27 — routes mounted from \`...CyclicNavigation.routes()\` — no static table indexed
- route_tables.dart:37 — routes mounted from \`...MissingNavigation.routes()\` — no static table indexed

Paths/screens are syntactic — screen names are constructors as written, not resolved. Const paths (e.g. \`RoutePaths.home\`) are resolved from indexed string consts where possible; an unresolved one is shown verbatim and labelled."
`;
